---
source: apps/mycel-cli/tests/store_index_smoke.rs
assertion_line: 598
expression: json
---
{
  "author_patches": {},
  "current_document_governance": {
    "doc:index": {
      "profiles": {
        "hash:c9af8de669008e239e9df7ff11956a2d4130bf07c6f129e58cd89c4bf37dc9ab": {
          "accepted_editor_keys": [
            "pk:ed25519:6kpsY+KcUgq+9VB7Ey7F+ZVHdq6+vnuSQh7qaRRG0iw="
          ],
          "admitted_editor_only_keys": [],
          "maintainer": "pk:ed25519:6kpsY+KcUgq+9VB7Ey7F+ZVHdq6+vnuSQh7qaRRG0iw=",
          "maintainer_is_admitted_editor": true,
          "revision_id": "rev:4bb946a431a7c48d3eb7a3789886dd220c235bfc033c6a9a8c55e263a9364ced",
          "timestamp": 3,
          "view_id": "view:935d17893ae86023597aa4b2aa4c26d8d1d570ee79c2087e2ad54de2fcfa2545"
        }
      }
    }
  },
  "current_document_governance_profile_count": 1,
  "current_governance": {
    "hash:c9af8de669008e239e9df7ff11956a2d4130bf07c6f129e58cd89c4bf37dc9ab": {
      "accepted_editor_keys": [
        "pk:ed25519:6kpsY+KcUgq+9VB7Ey7F+ZVHdq6+vnuSQh7qaRRG0iw="
      ],
      "admitted_editor_only_keys": [],
      "current_documents": {
        "doc:index": {
          "accepted_editor_keys": [
            "pk:ed25519:6kpsY+KcUgq+9VB7Ey7F+ZVHdq6+vnuSQh7qaRRG0iw="
          ],
          "admitted_editor_only_keys": [],
          "maintainer": "pk:ed25519:6kpsY+KcUgq+9VB7Ey7F+ZVHdq6+vnuSQh7qaRRG0iw=",
          "maintainer_is_admitted_editor": true,
          "revision_id": "rev:4bb946a431a7c48d3eb7a3789886dd220c235bfc033c6a9a8c55e263a9364ced",
          "timestamp": 3,
          "view_id": "view:935d17893ae86023597aa4b2aa4c26d8d1d570ee79c2087e2ad54de2fcfa2545"
        }
      },
      "current_view_id": "view:935d17893ae86023597aa4b2aa4c26d8d1d570ee79c2087e2ad54de2fcfa2545",
      "documents": {
        "doc:index": "rev:4bb946a431a7c48d3eb7a3789886dd220c235bfc033c6a9a8c55e263a9364ced"
      },
      "maintainer": "pk:ed25519:6kpsY+KcUgq+9VB7Ey7F+ZVHdq6+vnuSQh7qaRRG0iw=",
      "maintainer_is_admitted_editor": true,
      "timestamp": 3
    }
  },
  "current_governance_document_count": 1,
  "current_maintainer_governance": {
    "pk:ed25519:6kpsY+KcUgq+9VB7Ey7F+ZVHdq6+vnuSQh7qaRRG0iw=": {
      "current_documents": {
        "doc:index": {
          "profiles": {
            "hash:c9af8de669008e239e9df7ff11956a2d4130bf07c6f129e58cd89c4bf37dc9ab": {
              "accepted_editor_keys": [
                "pk:ed25519:6kpsY+KcUgq+9VB7Ey7F+ZVHdq6+vnuSQh7qaRRG0iw="
              ],
              "admitted_editor_only_keys": [],
              "maintainer": "pk:ed25519:6kpsY+KcUgq+9VB7Ey7F+ZVHdq6+vnuSQh7qaRRG0iw=",
              "maintainer_is_admitted_editor": true,
              "revision_id": "rev:4bb946a431a7c48d3eb7a3789886dd220c235bfc033c6a9a8c55e263a9364ced",
              "timestamp": 3,
              "view_id": "view:935d17893ae86023597aa4b2aa4c26d8d1d570ee79c2087e2ad54de2fcfa2545"
            }
          }
        }
      },
      "current_profiles": {
        "hash:c9af8de669008e239e9df7ff11956a2d4130bf07c6f129e58cd89c4bf37dc9ab": {
          "accepted_editor_keys": [
            "pk:ed25519:6kpsY+KcUgq+9VB7Ey7F+ZVHdq6+vnuSQh7qaRRG0iw="
          ],
          "admitted_editor_only_keys": [],
          "current_documents": {
            "doc:index": {
              "accepted_editor_keys": [
                "pk:ed25519:6kpsY+KcUgq+9VB7Ey7F+ZVHdq6+vnuSQh7qaRRG0iw="
              ],
              "admitted_editor_only_keys": [],
              "maintainer": "pk:ed25519:6kpsY+KcUgq+9VB7Ey7F+ZVHdq6+vnuSQh7qaRRG0iw=",
              "maintainer_is_admitted_editor": true,
              "revision_id": "rev:4bb946a431a7c48d3eb7a3789886dd220c235bfc033c6a9a8c55e263a9364ced",
              "timestamp": 3,
              "view_id": "view:935d17893ae86023597aa4b2aa4c26d8d1d570ee79c2087e2ad54de2fcfa2545"
            }
          },
          "current_view_id": "view:935d17893ae86023597aa4b2aa4c26d8d1d570ee79c2087e2ad54de2fcfa2545",
          "documents": {
            "doc:index": "rev:4bb946a431a7c48d3eb7a3789886dd220c235bfc033c6a9a8c55e263a9364ced"
          },
          "maintainer_is_admitted_editor": true,
          "timestamp": 3
        }
      }
    }
  },
  "current_maintainer_governance_document_count": 1,
  "current_maintainer_governance_profile_count": 1,
  "doc_revisions": {},
  "document_views": {
    "doc:index": [
      "view:935d17893ae86023597aa4b2aa4c26d8d1d570ee79c2087e2ad54de2fcfa2545"
    ]
  },
  "filters": {
    "author": null,
    "doc_id": null,
    "maintainer": null,
    "object_type": null,
    "profile_id": null,
    "revision_id": null,
    "view_id": null
  },
  "maintainer_views": {
    "pk:ed25519:6kpsY+KcUgq+9VB7Ey7F+ZVHdq6+vnuSQh7qaRRG0iw=": [
      "view:935d17893ae86023597aa4b2aa4c26d8d1d570ee79c2087e2ad54de2fcfa2545"
    ]
  },
  "manifest_path": "[manifest_path]",
  "object_ids_by_type": {},
  "profile_heads": {
    "hash:c9af8de669008e239e9df7ff11956a2d4130bf07c6f129e58cd89c4bf37dc9ab": {
      "doc:index": [
        "rev:4bb946a431a7c48d3eb7a3789886dd220c235bfc033c6a9a8c55e263a9364ced"
      ]
    }
  },
  "profile_views": {
    "hash:c9af8de669008e239e9df7ff11956a2d4130bf07c6f129e58cd89c4bf37dc9ab": [
      "view:935d17893ae86023597aa4b2aa4c26d8d1d570ee79c2087e2ad54de2fcfa2545"
    ]
  },
  "projection": "governance-only",
  "revision_parents": {},
  "status": "ok",
  "store_root": "[store_root]",
  "stored_object_count": 3,
  "view_governance": [
    {
      "accepted_editor_keys": [
        "pk:ed25519:6kpsY+KcUgq+9VB7Ey7F+ZVHdq6+vnuSQh7qaRRG0iw="
      ],
      "admitted_editor_only_keys": [],
      "current_profile_document_view_ids": {
        "doc:index": "view:935d17893ae86023597aa4b2aa4c26d8d1d570ee79c2087e2ad54de2fcfa2545"
      },
      "current_profile_view_id": "view:935d17893ae86023597aa4b2aa4c26d8d1d570ee79c2087e2ad54de2fcfa2545",
      "document_view_ids": {
        "doc:index": [
          "view:935d17893ae86023597aa4b2aa4c26d8d1d570ee79c2087e2ad54de2fcfa2545"
        ]
      },
      "documents": {
        "doc:index": "rev:4bb946a431a7c48d3eb7a3789886dd220c235bfc033c6a9a8c55e263a9364ced"
      },
      "maintainer": "pk:ed25519:6kpsY+KcUgq+9VB7Ey7F+ZVHdq6+vnuSQh7qaRRG0iw=",
      "maintainer_is_admitted_editor": true,
      "maintainer_view_ids": [
        "view:935d17893ae86023597aa4b2aa4c26d8d1d570ee79c2087e2ad54de2fcfa2545"
      ],
      "profile_id": "hash:c9af8de669008e239e9df7ff11956a2d4130bf07c6f129e58cd89c4bf37dc9ab",
      "profile_view_ids": [
        "view:935d17893ae86023597aa4b2aa4c26d8d1d570ee79c2087e2ad54de2fcfa2545"
      ],
      "timestamp": 3,
      "view_id": "view:935d17893ae86023597aa4b2aa4c26d8d1d570ee79c2087e2ad54de2fcfa2545"
    }
  ]
}
